angular-route.js:1 Failed to load resource: the server responded with a status of 404 (Not Found)
angular.js:1 
Failed to load resource: the server responded with a status of 404 (Not Found)
index.html:1 
Refused to execute script from 'http://localhost:63342/phone-app/bower_components/angular/angular.js' because its MIME type ('text/html') is not executable, and strict MIME type checking is enabled.
index.js:1
Failed to load resource: the server responded with a status of 404 (Not Found)
index.html:1 
Refused to apply style from 'http://localhost:63342/phone-app/public/css/app.css' because its MIME type ('text/html') is not a supported stylesheet MIME type, and strict MIME checking is enabled.
angular-route.js:1 
Failed to load resource: the server responded with a status of 404 (Not Found)
index.html:1 Refused to execute script from 'http://localhost:63342/phone-app/bower_components/angular-route/angular-route.js' because its MIME type ('text/html') is not executable, and strict MIME type checking is enabled.
index.js:1 
Failed to load resource: the server responded with a status of 404 (Not Found)
index.html:1 Refused to execute script from 'http://localhost:63342/phone-app/public/js/index.js' because its MIME type ('text/html') is not executable, and strict MIME type checking is enabled.
2index.html:1 Refused to apply style from 'http://localhost:63342/phone-app/public/css/app.css' because its MIME type ('text/html') is not a supported stylesheet MIME type, and strict MIME checking is enabled.